23.06, 41.87
41.86, 17.96
-42.16, -47.52
19.93, 30.49
-34.88, 42.46
26.38, -49.66
23.64, 45.62
32.36, -31.13
-17.39, 25.15
-21.96, -26.99
30.76, 25.92
28.14, 39.31
2.40, -44.86
-15.32, -1.98
40.66, 7.05
5.77, 7.18
39.76, -28.55
-17.67, -35.19
18.08, 43.64
6.18, -20.77
